Executing test_empty
Executing test_include_all_files
Executing test_from_file
